30 mtime=1360949212.218834206
30 atime=1361794994.563111152
30 ctime=1361794994.563111152
