30 mtime=1361394633.772976716
30 atime=1361794994.563111152
30 ctime=1361794994.563111152
