30 mtime=1360949212.224834324
30 atime=1361794994.564111172
30 ctime=1361794994.564111172
