

Checking CORE wordset...

Checking CORE-EXT wordset...

Checking BLOCK wordset...

Checking BLOCK-EXT wordset...

Checking DOUBLE wordset...

Checking DOUBLE-EXT wordset...

Checking EXEPTION wordset...

Checking EXEPTION-EXT wordset...

Checking FACILITY wordset...

Checking FACILITY-EXT wordset...
Missing: EMIT? 

Checking FILE wordset...

Checking FILE-EXT wordset...

Checking FLOAT wordset...

Checking FLOAT-EXT wordset...

Checking LOCAL wordset...

Checking LOCAL-EXT wordset...

Checking MEMORY wordset...

Checking TOOLKIT wordset...

Checking TOOLKIT-EXT wordset...
Missing: EDITOR FORGET 

Checking SEARCH wordset...

Checking SEARCH-EXT wordset...

Checking STRING wordset...

Wordset:            Status:  Words:
CORE                complete 133 
CORE-EXT            complete 46 
BLOCK               complete 8 
BLOCK-EXT           complete 6 
DOUBLE              complete 20 
DOUBLE-EXT          complete 2 
EXEPTION            complete 2 
EXEPTION-EXT        complete 2 
FACILITY            complete 3 
FACILITY-EXT        partial  5 / 6 
FILE                complete 21 
FILE-EXT            complete 4 
FLOAT               complete 31 
FLOAT-EXT           complete 41 
LOCAL               complete 2 
LOCAL-EXT           complete 1 
MEMORY              complete 3 
TOOLKIT             complete 5 
TOOLKIT-EXT         partial  11 / 13 
SEARCH              complete 9 
SEARCH-EXT          complete 5 
STRING              complete 8 
